
> tasks@0.1.0 test
> react-scripts test --coverage

Browserslist: caniuse-lite is outdated. Please run:
  npx browserslist@latest --update-db
  Why you should do it regularly: https://github.com/browserslist/browserslist#browsers-data-updating
FAIL src/quizzer/Quizzer.test.tsx
  ● Console

    console.error
      Warning: Each child in a list should have a unique "key" prop.
      
      Check the render method of `QuizList`. See https://reactjs.org/link/warning-keys for more information.
          at span
          at QuizList (/home/runner/work/quizzer_start/quizzer_start/src/quizzer/QuizList.tsx:9:5)
          at div
          at Quizzer (/home/runner/work/quizzer_start/quizzer_start/src/quizzer/Quizzer.tsx:24:35)

      23 |
      24 |     return (
    > 25 |         <div className="quiz_list">
         |         ^
      26 |             {!displayId && (
      27 |                 <>
      28 |                     {quizzes.map((quiz: Quiz) => (

      at printWarning (node_modules/react/cjs/react-jsx-dev-runtime.development.js:117:30)
      at error (node_modules/react/cjs/react-jsx-dev-runtime.development.js:93:5)
      at validateExplicitKey (node_modules/react/cjs/react-jsx-dev-runtime.development.js:986:5)
      at validateChildKeys (node_modules/react/cjs/react-jsx-dev-runtime.development.js:1013:11)
      at jsxWithValidation (node_modules/react/cjs/react-jsx-dev-runtime.development.js:1174:15)
      at QuizList (src/quizzer/QuizList.tsx:25:9)
      at renderWithHooks (node_modules/react-dom/cjs/react-dom.development.js:14985:18)
      at mountIndeterminateComponent (node_modules/react-dom/cjs/react-dom.development.js:17811:13)

  ● Quizzer Tests › Users can filter the questions in a list so that only published questions are shown

    expect(element).not.toBeChecked()

    Received element is checked:
      <input checked="" class="form-check-input" data-testid="Quiz Published" id="is-published_check" type="checkbox" />

      146 |         const quizPublished = screen.getByTestId("Quiz Published");
      147 |         quizPublished.click();
    > 148 |         expect(quizPublished).not.toBeChecked();
          |                                   ^
      149 |
      150 |         const saveButton = screen.getByText("Save");
      151 |         saveButton.click();

      at Object.<anonymous> (src/quizzer/Quizzer.test.tsx:148:35)

  ● Quizzer Tests › Users can add a new quiz question

    expect(element).not.toBeChecked()

    Received element is checked:
      <input checked="" class="form-check-input" data-testid="Quiz Published" id="is-published_check" type="checkbox" />

      189 |         const quizPublished = screen.getByTestId("Quiz Published");
      190 |         quizPublished.click();
    > 191 |         expect(quizPublished).not.toBeChecked();
          |                                   ^
      192 |
      193 |         const saveButton = screen.getByText("Save");
      194 |         saveButton.click();

      at Object.<anonymous> (src/quizzer/Quizzer.test.tsx:191:35)

PASS src/App.test.tsx
  ● Console

    console.error
      Warning: Each child in a list should have a unique "key" prop.
      
      Check the render method of `QuizList`. See https://reactjs.org/link/warning-keys for more information.
          at span
          at QuizList (/home/runner/work/quizzer_start/quizzer_start/src/quizzer/QuizList.tsx:9:5)
          at div
          at Quizzer (/home/runner/work/quizzer_start/quizzer_start/src/quizzer/Quizzer.tsx:24:35)
          at div
          at div
          at App (/home/runner/work/quizzer_start/quizzer_start/src/App.tsx:8:35)

      23 |
      24 |     return (
    > 25 |         <div className="quiz_list">
         |         ^
      26 |             {!displayId && (
      27 |                 <>
      28 |                     {quizzes.map((quiz: Quiz) => (

      at printWarning (node_modules/react/cjs/react-jsx-dev-runtime.development.js:117:30)
      at error (node_modules/react/cjs/react-jsx-dev-runtime.development.js:93:5)
      at validateExplicitKey (node_modules/react/cjs/react-jsx-dev-runtime.development.js:986:5)
      at validateChildKeys (node_modules/react/cjs/react-jsx-dev-runtime.development.js:1013:11)
      at jsxWithValidation (node_modules/react/cjs/react-jsx-dev-runtime.development.js:1174:15)
      at QuizList (src/quizzer/QuizList.tsx:25:9)
      at renderWithHooks (node_modules/react-dom/cjs/react-dom.development.js:14985:18)
      at mountIndeterminateComponent (node_modules/react-dom/cjs/react-dom.development.js:17811:13)

-------------------|---------|----------|---------|---------|--------------------------------------------
File               | % Stmts | % Branch | % Funcs | % Lines | Uncovered Line #s                          
-------------------|---------|----------|---------|---------|--------------------------------------------
All files          |   82.55 |    82.75 |   77.02 |   81.69 |                                            
 src               |   66.66 |       50 |      50 |   66.66 |                                            
  App.tsx          |   66.66 |       50 |      50 |   66.66 | 16                                         
 src/interfaces    |       0 |        0 |       0 |       0 |                                            
  question.ts      |       0 |        0 |       0 |       0 |                                            
  quiz.ts          |       0 |        0 |       0 |       0 |                                            
 src/quizzer       |   82.87 |    85.18 |   77.77 |   82.01 |                                            
  AddQuizModal.tsx |   64.28 |      100 |      40 |   64.28 | 33-52                                      
  QuestionEdit.tsx |   46.66 |    66.66 |      40 |   46.66 | 21-24,43-44,51-53,61-63,86-159,193,220,245 
  QuizCard.tsx     |     100 |       80 |     100 |     100 | 29                                         
  QuizEdit.tsx     |   85.18 |      100 |   73.33 |      84 | 28-30,67,97                                
  QuizExpanded.tsx |     100 |    85.71 |     100 |     100 | 68                                         
  QuizList.tsx     |     100 |      100 |     100 |     100 |                                            
  QuizQuestion.tsx |     100 |    85.71 |     100 |     100 | 17-24                                      
  QuizView.tsx     |     100 |      100 |     100 |     100 |                                            
  Quizzer.tsx      |     100 |      100 |     100 |     100 |                                            
-------------------|---------|----------|---------|---------|--------------------------------------------

Test Suites: 1 failed, 1 passed, 2 total
Tests:       2 failed, 13 passed, 15 total
Snapshots:   0 total
Time:        6.497 s
Ran all test suites.
